apiVersion: tekton.dev/v1
kind: PipelineRun
metadata:
  creationTimestamp: null
  name: release
spec:
  pipelineSpec:
    tasks:
    - name: from-build-pack
      taskSpec:
        metadata: {}
        spec: null
        stepTemplate:
          computeResources:
            requests:
              cpu: 400m
              memory: 512Mi
          env:
          - name: NPM_CONFIG_USERCONFIG
            value: /tekton/home/npm/.npmrc
          volumeMounts:
          - mountPath: /tekton/home/npm
            name: npmrc
          workingDir: /workspace/source
        steps:
        - computeResources: {}
          image: gcr.io/jenkinsxio/jx-release-version:1.0.42
          name: next-version
          script: |
            #!/usr/bin/env bash
            jx-release-version > VERSION
        - computeResources: {}
          image: gcr.io/jenkinsxio/jx-boot:3.1.156
          name: jx-variables
          script: |
            #!/usr/bin/env sh
            jx gitops variables
        - computeResources: {}
          image: node:12-slim
          name: build-npm-install
          script: |
            #!/bin/sh
            npm install
        - computeResources: {}
          image: node:12-slim
          name: build-npm-test
          script: |
            #!/bin/sh
            CI=true DISPLAY=:99 npm test
        - computeResources: {}
          image: gcr.io/kaniko-project/executor:debug-v1.3.0
          name: build-container-build
          script: |
            #!/busybox/sh
            source .jx/variables.sh
            cp /tekton/creds-secrets/tekton-container-registry-auth/.dockerconfigjson /kaniko/.docker/config.json
            /kaniko/executor $KANIKO_FLAGS --context=/workspace/source --dockerfile=Dockerfile --destination=$DOCKER_REGISTRY/$DOCKER_REGISTRY_ORG/$APP_NAME:$VERSION
        - computeResources: {}
          image: gcr.io/jenkinsxio/jx-changelog:0.0.25
          name: promote-changelog
          script: |
            #!/usr/bin/env sh
            source .jx/variables.sh

            if [ -d "charts/$REPO_NAME" ]; then
            sed -i -e "s/^version:.*/version: $VERSION/" ./charts/$REPO_NAME/Chart.yaml
            sed -i -e "s/repository:.*/repository: $DOCKER_REGISTRY\/$DOCKER_REGISTRY_ORG\/$APP_NAME/" ./charts/$REPO_NAME/values.yaml
            sed -i -e "s/tag:.*/tag: $VERSION/" ./charts/$REPO_NAME/values.yaml;
            else echo no charts; fi

            git commit -a -m "chore: release $VERSION" --allow-empty
            git tag -fa v$VERSION -m "Release version $VERSION"
            git push origin v$VERSION

            jx changelog create --version v${VERSION}
        - computeResources: {}
          image: gcr.io/jenkinsxio/jx-boot:3.1.156
          name: promote-helm-release
          script: |
            #!/usr/bin/env sh
            jx gitops helm release
        - computeResources: {}
          image: gcr.io/jenkinsxio/jx-promote:0.0.179
          name: promote-jx-promote
          script: |
            #!/usr/bin/env sh
            source .jx/variables.sh
            jx promote -b --all --timeout 1h --no-poll
        volumes:
        - name: npmrc
          secret:
            optional: true
            secretName: npmrc
  taskRunTemplate:
    serviceAccountName: tekton-bot
  timeouts:
    pipeline: 240h0m0s
status: {}
